Scope: all 6 workspace projects
Lockfile is up to date, resolution step is skipped
Progress: resolved [96m1[39m, reused [96m0[39m, downloaded [96m0[39m, added [96m0[39m
Packages: [32m+286[39m
[32m+[39m[32m+[39m[32m+[39m[32m+[39m[32m+[39m[32m+[39m[32m+[39m[32m+[39m[32m+[39m[32m+[39m[32m+[39m[32m+[39m[32m+[39m[32m+[39m[32m+[39m[32m+[39m[32m+[39m[32m+[39m[32m+[39m[32m+[39m[32m+[39m[32m+[39m[32m+[39m[32m+[39m[32m+[39m[32m+[39m[32m+[39m[32m+[39m[32m+[39m[32m+[39m[32m+[39m[32m+[39m[32m+[39m[32m+[39m[32m+[39m[32m+[39m[32m+[39m[32m+[39m[32m+[39m[32m+[39m[32m+[39m[32m+[39m[32m+[39m[32m+[39m[32m+[39m[32m+[39m[32m+[39m[32m+[39m[32m+[39m[32m+[39m[32m+[39m[32m+[39m[32m+[39m[32m+[39m[32m+[39m[32m+[39m[32m+[39m[32m+[39m[32m+[39m[32m+[39m[32m+[39m[32m+[39m[32m+[39m[32m+[39m[32m+[39m[32m+[39m[32m+[39m[32m+[39m[32m+[39m[32m+[39m[32m+[39m[32m+[39m[32m+[39m[32m+[39m[32m+[39m[32m+[39m[32m+[39m[32m+[39m[32m+[39m[32m+[39m
Progress: resolved [96m286[39m, reused [96m286[39m, downloaded [96m0[39m, added [96m286[39m, done

[96mdevDependencies:[39m
[32m+[39m turbo [90m2.10.9[39m

[33m╭ Warning ─────────────────────────────────────────────────────────────────────╮[39m
[33m│[39m                                                                              [33m│[39m
[33m│[39m   Ignored build scripts: esbuild.                                            [33m│[39m
[33m│[39m   Run "pnpm approve-builds" to pick which dependencies should be allowed     [33m│[39m
[33m│[39m   to run scripts.                                                            [33m│[39m
[33m│[39m                                                                              [33m│[39m
[33m╰──────────────────────────────────────────────────────────────────────────────╯[39m

Done in 959ms using pnpm v10.23.0

   • Packages in scope: @mastra-cc/daemon, @mastra-cc/desk-demo, @mastra-cc/desktop, @mastra-cc/tools, @mastra-cc/transport
   • Running build in 5 packages
   • Remote caching disabled, using shared worktree cache

[36m@mastra-cc/daemon:build: [0mcache miss, executing [2m83c1d8562592cd04[0m
[36m@mastra-cc/daemon:build: [0m
[36m@mastra-cc/daemon:build: [0m> @mastra-cc/daemon@0.0.0 build /tmp/field-label-base.m4O62Z/worktree/daemon
[36m@mastra-cc/daemon:build: [0m> tsdown && mkdir -p dist/tools/pins && cp ../tools/pins/deny-list.json dist/tools/pins/deny-list.json
[36m@mastra-cc/daemon:build: [0m
[36m@mastra-cc/daemon:build: [0m[34mℹ[39m [34mtsdown v0.22.14[39m powered by [91mrolldown v1.2.3[39m
[36m@mastra-cc/daemon:build: [0m[34mℹ[39m config file: [4m/tmp/field-label-base.m4O62Z/worktree/daemon/tsdown.config.ts[24m
[36m@mastra-cc/daemon:build: [0m[34mℹ[39m entry: [34msrc/index.ts, src/main.ts[39m
[36m@mastra-cc/daemon:build: [0m[34mℹ[39m tsconfig: [34mtsconfig.json[39m
[36m@mastra-cc/daemon:build: [0m[34mℹ[39m Build start
[36m@mastra-cc/daemon:build: [0m
[36m@mastra-cc/daemon:build: [0m[43m WARN [49m TypeScript 7.0 does not yet have a stable API and is experimental. Some options will be unavailable.
[36m@mastra-cc/daemon:build: [0m
[36m@mastra-cc/daemon:build: [0m[34mℹ[39m Emit types with [4mtypescript@7.0.2[24m
[36m@mastra-cc/daemon:build: [0m[34mℹ[39m Hint: consider adding [34mdeps.onlyBundle[39m option to avoid unintended bundling of dependencies, or set [34mdeps.onlyBundle: false[39m to disable this hint.
[36m@mastra-cc/daemon:build: [0mSee more at [4mhttps://tsdown.dev/options/dependencies#deps-onlybundle[24m
[36m@mastra-cc/daemon:build: [0mDetected dependencies in bundle:
[36m@mastra-cc/daemon:build: [0m- [34mdbus-native[39m
[36m@mastra-cc/daemon:build: [0m- [34mxml2js[39m
[36m@mastra-cc/daemon:build: [0m- [34mxmlbuilder[39m
[36m@mastra-cc/daemon:build: [0m- [34msax[39m
[36m@mastra-cc/daemon:build: [0m- [34mws[39m
[36m@mastra-cc/daemon:build: [0m[34mℹ[39m [2mdist/[22m[1mmain.mjs[22m                       [2m 18.72 kB[22m [2m│ gzip:   6.24 kB[22m
[36m@mastra-cc/daemon:build: [0m[34mℹ[39m [2mdist/[22m[1mindex.mjs[22m                      [2m  2.18 kB[22m [2m│ gzip:   0.99 kB[22m
[36m@mastra-cc/daemon:build: [0m[34mℹ[39m [2mdist/[22mreplay-BmVDy3Ou.mjs            [2m466.34 kB[22m [2m│ gzip: 106.05 kB[22m
[36m@mastra-cc/daemon:build: [0m[34mℹ[39m [2mdist/[22mserver-DQGniyCl.mjs            [2m124.69 kB[22m [2m│ gzip:  30.84 kB[22m
[36m@mastra-cc/daemon:build: [0m[34mℹ[39m [2mdist/[22mwrapper-DqQbFP8R.mjs           [2m112.25 kB[22m [2m│ gzip:  23.43 kB[22m
[36m@mastra-cc/daemon:build: [0m[34mℹ[39m [2mdist/[22mrolldown-runtime-CMFfr-1z.mjs  [2m  1.31 kB[22m [2m│ gzip:   0.65 kB[22m
[36m@mastra-cc/daemon:build: [0m[34mℹ[39m [2mdist/[22mverify-DzMD3QWj.mjs            [2m  1.18 kB[22m [2m│ gzip:   0.58 kB[22m
[36m@mastra-cc/daemon:build: [0m[34mℹ[39m [2mdist/[22m[32m[1mindex.d.mts[22m[39m                    [2m 24.75 kB[22m [2m│ gzip:   7.41 kB[22m
[36m@mastra-cc/daemon:build: [0m[34mℹ[39m [2mdist/[22m[32m[1mmain.d.mts[22m[39m                     [2m  0.01 kB[22m [2m│ gzip:   0.03 kB[22m
[36m@mastra-cc/daemon:build: [0m[34mℹ[39m 9 files, total: 751.43 kB
[36m@mastra-cc/daemon:build: [0msrc/main.ts (2:69) [33m[UNRESOLVED_IMPORT] [0mCould not resolve '@mastra-cc/protocol-types' in src/main.ts
[36m@mastra-cc/daemon:build: [0m   [38;5;246m╭[0m[38;5;246m─[0m[38;5;246m[[0m src/main.ts:2:70 [38;5;246m][0m
[36m@mastra-cc/daemon:build: [0m   [38;5;246m│[0m
[36m@mastra-cc/daemon:build: [0m [38;5;246m2 │[0m [38;5;249mi[0m[38;5;249mm[0m[38;5;249mp[0m[38;5;249mo[0m[38;5;249mr[0m[38;5;249mt[0m[38;5;249m [0m[38;5;249m{[0m[38;5;249m [0m[38;5;249mC[0m[38;5;249mA[0m[38;5;249mP[0m[38;5;249mA[0m[38;5;249mB[0m[38;5;249mI[0m[38;5;249mL[0m[38;5;249mI[0m[38;5;249mT[0m[38;5;249mY[0m[38;5;249m_[0m[38;5;249mN[0m[38;5;249mA[0m[38;5;249mM[0m[38;5;249mE[0m[38;5;249mS[0m[38;5;249m,[0m[38;5;249m [0m[38;5;249mS[0m[38;5;249mC[0m[38;5;249mH[0m[38;5;249mE[0m[38;5;249mM[0m[38;5;249mA[0m[38;5;249m_[0m[38;5;249mD[0m[38;5;249mI[0m[38;5;249mG[0m[38;5;249mE[0m[38;5;249mS[0m[38;5;249mT[0m[38;5;249m,[0m[38;5;249m [0m[38;5;249mt[0m[38;5;249my[0m[38;5;249mp[0m[38;5;249me[0m[38;5;249m [0m[38;5;249mC[0m[38;5;249ma[0m[38;5;249mp[0m[38;5;249ma[0m[38;5;249mb[0m[38;5;249mi[0m[38;5;249ml[0m[38;5;249mi[0m[38;5;249mt[0m[38;5;249my[0m[38;5;249mN[0m[38;5;249ma[0m[38;5;249mm[0m[38;5;249me[0m[38;5;249m [0m[38;5;249m}[0m[38;5;249m [0m[38;5;249mf[0m[38;5;249mr[0m[38;5;249mo[0m[38;5;249mm[0m[38;5;249m [0m"@mastra-cc/protocol-types"[38;5;249m;[0m
[36m@mastra-cc/daemon:build: [0m [38;5;240m  │[0m                                                                      ─────────────┬─────────────
[36m@mastra-cc/daemon:build: [0m [38;5;240m  │[0m                                                                                   ╰─────────────── Module not found, treating it as an external dependency
[36m@mastra-cc/daemon:build: [0m[38;5;246m───╯[0m
[36m@mastra-cc/daemon:build: [0m
[36m@mastra-cc/daemon:build: [0msrc/discovery.ts (1:90) [33m[UNRESOLVED_IMPORT] [0mCould not resolve '@mastra-cc/protocol-types' in src/discovery.ts
[36m@mastra-cc/daemon:build: [0m   [38;5;246m╭[0m[38;5;246m─[0m[38;5;246m[[0m src/discovery.ts:1:91 [38;5;246m][0m
[36m@mastra-cc/daemon:build: [0m   [38;5;246m│[0m
[36m@mastra-cc/daemon:build: [0m [38;5;246m1 │[0m [38;5;249mi[0m[38;5;249mm[0m[38;5;249mp[0m[38;5;249mo[0m[38;5;249mr[0m[38;5;249mt[0m[38;5;249m [0m[38;5;249m{[0m[38;5;249m [0m[38;5;249mR[0m[38;5;249mO[0m[38;5;249mL[0m[38;5;249mE[0m[38;5;249mS[0m[38;5;249m,[0m[38;5;249m [0m[38;5;249mt[0m[38;5;249my[0m[38;5;249mp[0m[38;5;249me[0m[38;5;249m [0m[38;5;249mD[0m[38;5;249mi[0m[38;5;249ms[0m[38;5;249mc[0m[38;5;249mo[0m[38;5;249mv[0m[38;5;249me[0m[38;5;249mr[0m[38;5;249mE[0m[38;5;249ml[0m[38;5;249me[0m[38;5;249mm[0m[38;5;249me[0m[38;5;249mn[0m[38;5;249mt[0m[38;5;249ms[0m[38;5;249mR[0m[38;5;249me[0m[38;5;249ms[0m[38;5;249mu[0m[38;5;249ml[0m[38;5;249mt[0m[38;5;249m,[0m[38;5;249m [0m[38;5;249mt[0m[38;5;249my[0m[38;5;249mp[0m[38;5;249me[0m[38;5;249m [0m[38;5;249mE[0m[38;5;249ml[0m[38;5;249me[0m[38;5;249mm[0m[38;5;249me[0m[38;5;249mn[0m[38;5;249mt[0m[38;5;249mD[0m[38;5;249mi[0m[38;5;249ms[0m[38;5;249mc[0m[38;5;249mo[0m[38;5;249mv[0m[38;5;249me[0m[38;5;249mr[0m[38;5;249my[0m[38;5;249mE[0m[38;5;249mn[0m[38;5;249mt[0m[38;5;249mr[0m[38;5;249my[0m[38;5;249m,[0m[38;5;249m [0m[38;5;249mt[0m[38;5;249my[0m[38;5;249mp[0m[38;5;249me[0m[38;5;249m [0m[38;5;249mR[0m[38;5;249mo[0m[38;5;249ml[0m[38;5;249me[0m[38;5;249m [0m[38;5;249m}[0m[38;5;249m [0m[38;5;249mf[0m[38;5;249mr[0m[38;5;249mo[0m[38;5;249mm[0m[38;5;249m [0m"@mastra-cc/protocol-types"[38;5;249m;[0m
[36m@mastra-cc/daemon:build: [0m [38;5;240m  │[0m                                                                                           ─────────────┬─────────────
[36m@mastra-cc/daemon:build: [0m [38;5;240m  │[0m                                                                                                        ╰─────────────── Module not found, treating it as an external dependency
[36m@mastra-cc/daemon:build: [0m[38;5;246m───╯[0m
[36m@mastra-cc/daemon:build: [0m
[36m@mastra-cc/daemon:build: [0msrc/server.ts (31:7) [33m[UNRESOLVED_IMPORT] [0mCould not resolve '@mastra-cc/protocol-types' in src/server.ts
[36m@mastra-cc/daemon:build: [0m    [38;5;246m╭[0m[38;5;246m─[0m[38;5;246m[[0m src/server.ts:31:8 [38;5;246m][0m
[36m@mastra-cc/daemon:build: [0m    [38;5;246m│[0m
[36m@mastra-cc/daemon:build: [0m [38;5;246m31 │[0m [38;5;249m}[0m[38;5;249m [0m[38;5;249mf[0m[38;5;249mr[0m[38;5;249mo[0m[38;5;249mm[0m[38;5;249m [0m"@mastra-cc/protocol-types"[38;5;249m;[0m
[36m@mastra-cc/daemon:build: [0m [38;5;240m   │[0m        ─────────────┬─────────────
[36m@mastra-cc/daemon:build: [0m [38;5;240m   │[0m                     ╰─────────────── Module not found, treating it as an external dependency
[36m@mastra-cc/daemon:build: [0m[38;5;246m────╯[0m
[36m@mastra-cc/daemon:build: [0m
[36m@mastra-cc/daemon:build: [0msrc/capabilities.ts (2:54) [33m[UNRESOLVED_IMPORT] [0mCould not resolve '@mastra-cc/protocol-types' in src/capabilities.ts
[36m@mastra-cc/daemon:build: [0m   [38;5;246m╭[0m[38;5;246m─[0m[38;5;246m[[0m src/capabilities.ts:2:55 [38;5;246m][0m
[36m@mastra-cc/daemon:build: [0m   [38;5;246m│[0m
[36m@mastra-cc/daemon:build: [0m [38;5;246m2 │[0m [38;5;249mi[0m[38;5;249mm[0m[38;5;249mp[0m[38;5;249mo[0m[38;5;249mr[0m[38;5;249mt[0m[38;5;249m [0m[38;5;249m{[0m[38;5;249m [0m[38;5;249mC[0m[38;5;249mA[0m[38;5;249mP[0m[38;5;249mA[0m[38;5;249mB[0m[38;5;249mI[0m[38;5;249mL[0m[38;5;249mI[0m[38;5;249mT[0m[38;5;249mY[0m[38;5;249m_[0m[38;5;249mN[0m[38;5;249mA[0m[38;5;249mM[0m[38;5;249mE[0m[38;5;249mS[0m[38;5;249m,[0m[38;5;249m [0m[38;5;249mt[0m[38;5;249my[0m[38;5;249mp[0m[38;5;249me[0m[38;5;249m [0m[38;5;249mC[0m[38;5;249ma[0m[38;5;249mp[0m[38;5;249ma[0m[38;5;249mb[0m[38;5;249mi[0m[38;5;249ml[0m[38;5;249mi[0m[38;5;249mt[0m[38;5;249my[0m[38;5;249mN[0m[38;5;249ma[0m[38;5;249mm[0m[38;5;249me[0m[38;5;249m [0m[38;5;249m}[0m[38;5;249m [0m[38;5;249mf[0m[38;5;249mr[0m[38;5;249mo[0m[38;5;249mm[0m[38;5;249m [0m"@mastra-cc/protocol-types"[38;5;249m;[0m
[36m@mastra-cc/daemon:build: [0m [38;5;240m  │[0m                                                       ─────────────┬─────────────
[36m@mastra-cc/daemon:build: [0m [38;5;240m  │[0m                                                                    ╰─────────────── Module not found, treating it as an external dependency
[36m@mastra-cc/daemon:build: [0m[38;5;246m───╯[0m
[36m@mastra-cc/daemon:build: [0m
[36m@mastra-cc/daemon:build: [0m[32m✔[39m Build complete in [32m417ms[39m
[35m@mastra-cc/transport:build: [0mcache miss, executing [2mcfeb1ca03abc7903[0m
[35m@mastra-cc/transport:build: [0m
[35m@mastra-cc/transport:build: [0m> @mastra-cc/transport@0.1.0 build /tmp/field-label-base.m4O62Z/worktree/packages/transport
[35m@mastra-cc/transport:build: [0m> tsdown
[35m@mastra-cc/transport:build: [0m
[35m@mastra-cc/transport:build: [0m[34mℹ[39m [34mtsdown v0.22.14[39m powered by [91mrolldown v1.2.3[39m
[35m@mastra-cc/transport:build: [0m[34mℹ[39m config file: [4m/tmp/field-label-base.m4O62Z/worktree/packages/transport/tsdown.config.ts[24m
[35m@mastra-cc/transport:build: [0m[34mℹ[39m entry: [34msrc/index.ts[39m
[35m@mastra-cc/transport:build: [0m[34mℹ[39m tsconfig: [34mtsconfig.json[39m
[35m@mastra-cc/transport:build: [0m[34mℹ[39m Build start
[35m@mastra-cc/transport:build: [0m
[35m@mastra-cc/transport:build: [0m[43m WARN [49m TypeScript 7.0 does not yet have a stable API and is experimental. Some options will be unavailable.
[35m@mastra-cc/transport:build: [0m
[35m@mastra-cc/transport:build: [0m[34mℹ[39m Emit types with [4mtypescript@7.0.2[24m
[35m@mastra-cc/transport:build: [0m[34mℹ[39m [2mdist/[22m[1mindex.mjs[22m    [2m8.05 kB[22m [2m│ gzip: 2.38 kB[22m
[35m@mastra-cc/transport:build: [0m[34mℹ[39m [2mdist/[22m[32m[1mindex.d.mts[22m[39m  [2m4.15 kB[22m [2m│ gzip: 1.16 kB[22m
[35m@mastra-cc/transport:build: [0m[34mℹ[39m 2 files, total: 12.20 kB
[35m@mastra-cc/transport:build: [0m[32m✔[39m Build complete in [32m124ms[39m
[32m@mastra-cc/desktop:build: [0mcache miss, executing [2mc4a68b70d6d57a6e[0m
[32m@mastra-cc/desktop:build: [0m
[32m@mastra-cc/desktop:build: [0m> @mastra-cc/desktop@0.1.0 build /tmp/field-label-base.m4O62Z/worktree/packages/desktop
[32m@mastra-cc/desktop:build: [0m> tsdown
[32m@mastra-cc/desktop:build: [0m
[32m@mastra-cc/desktop:build: [0m[34mℹ[39m [34mtsdown v0.22.14[39m powered by [91mrolldown v1.2.3[39m
[32m@mastra-cc/desktop:build: [0m[34mℹ[39m config file: [4m/tmp/field-label-base.m4O62Z/worktree/packages/desktop/tsdown.config.ts[24m
[32m@mastra-cc/desktop:build: [0m[34mℹ[39m entry: [34msrc/index.ts, src/mastra.ts[39m
[32m@mastra-cc/desktop:build: [0m[34mℹ[39m tsconfig: [34mtsconfig.json[39m
[32m@mastra-cc/desktop:build: [0m[34mℹ[39m Build start
[32m@mastra-cc/desktop:build: [0m
[32m@mastra-cc/desktop:build: [0m[43m WARN [49m TypeScript 7.0 does not yet have a stable API and is experimental. Some options will be unavailable.
[32m@mastra-cc/desktop:build: [0m
[32m@mastra-cc/desktop:build: [0m[34mℹ[39m Emit types with [4mtypescript@7.0.2[24m
[32m@mastra-cc/desktop:build: [0m[34mℹ[39m [2mdist/[22m[1mmastra.mjs[22m    [2m9.03 kB[22m [2m│ gzip: 3.72 kB[22m
[32m@mastra-cc/desktop:build: [0m[34mℹ[39m [2mdist/[22m[1mindex.mjs[22m     [2m3.90 kB[22m [2m│ gzip: 1.74 kB[22m
[32m@mastra-cc/desktop:build: [0m[34mℹ[39m [2mdist/[22m[32m[1mmastra.d.mts[22m[39m  [2m7.42 kB[22m [2m│ gzip: 2.98 kB[22m
[32m@mastra-cc/desktop:build: [0m[34mℹ[39m [2mdist/[22m[32m[1mindex.d.mts[22m[39m   [2m3.71 kB[22m [2m│ gzip: 1.66 kB[22m
[32m@mastra-cc/desktop:build: [0m[34mℹ[39m 4 files, total: 24.06 kB
[32m@mastra-cc/desktop:build: [0m[32m✔[39m Build complete in [32m180ms[39m
[33m@mastra-cc/desk-demo:build: [0mcache miss, executing [2m9f252701691f650e[0m
[33m@mastra-cc/desk-demo:build: [0m
[33m@mastra-cc/desk-demo:build: [0m> @mastra-cc/desk-demo@0.0.0 build /tmp/field-label-base.m4O62Z/worktree/apps/desk-demo
[33m@mastra-cc/desk-demo:build: [0m> next build
[33m@mastra-cc/desk-demo:build: [0m
[33m@mastra-cc/desk-demo:build: [0m[1m[38;2;173;127;168m▲ Next.js 16.3.4[39m[22m (Turbopack)
[33m@mastra-cc/desk-demo:build: [0m[32m[1m✓[22m[39m Running next.config.mjs took 6ms
[33m@mastra-cc/desk-demo:build: [0m[33m[1m⚠[22m[39m No build cache found. Please configure build caching for faster rebuilds. Read more: https://nextjs.org/docs/messages/no-cache
[33m@mastra-cc/desk-demo:build: [0m[35m[1mAttention[22m[39m: Next.js now collects completely anonymous telemetry regarding usage.
[33m@mastra-cc/desk-demo:build: [0mThis information is used to shape Next.js' roadmap and prioritize features.
[33m@mastra-cc/desk-demo:build: [0mYou can learn more, including how to opt-out if you'd not like to participate in this anonymous program, by visiting the following URL:
[33m@mastra-cc/desk-demo:build: [0m[36mhttps://nextjs.org/telemetry[39m
[33m@mastra-cc/desk-demo:build: [0m
[33m@mastra-cc/desk-demo:build: [0m
[33m@mastra-cc/desk-demo:build: [0m[37m[1m [22m[39m Creating an optimized production build ...
[33m@mastra-cc/desk-demo:build: [0m
[33m@mastra-cc/desk-demo:build: [0m> Build error occurred
[33m@mastra-cc/desk-demo:build: [0mError: Turbopack build failed with 2 errors:
[33m@mastra-cc/desk-demo:build: [0m./packages/desktop/dist/mastra.mjs:4:1
[33m@mastra-cc/desk-demo:build: [0m[1m[31mError[39m: [1m[31mModule not found[39m[22m[1m: Can't resolve [32m'@mastra-cc/protocol-types'[39m[22m
[33m@mastra-cc/desk-demo:build: [0m  [90m2 |[0m [36mimport[0m { isTransportConnectionError } [36mfrom[0m [32m"@mastra-cc/transport"[0m;
[33m@mastra-cc/desk-demo:build: [0m  [90m3 |[0m [36mimport[0m { createTool } [36mfrom[0m [32m"@mastra/core/tools"[0m;
[33m@mastra-cc/desk-demo:build: [0m[31m[1m>[0m [90m4 |[0m [36mimport[0m { [33mMETHOD_DESCRIPTORS[0m, [33mMETHOD_NAMES[0m } [36mfrom[0m [32m"@mastra-cc/protocol-types"[0m;
[33m@mastra-cc/desk-demo:build: [0m  [90m  |[0m [31m[1m^^^^^^^^^^^^^^^^^^^^^^^^^^^^^^^^^^^^^^^^^^^^^^^^^^^^^^^^^^^^^^^^^^^^^^^^^^^^^[0m
[33m@mastra-cc/desk-demo:build: [0m  [90m5 |[0m [36mimport[0m { [33mSignalProvider[0m } [36mfrom[0m [32m"@mastra/core/signals"[0m;
[33m@mastra-cc/desk-demo:build: [0m  [90m6 |[0m [90m//#region src/signals.ts[0m
[33m@mastra-cc/desk-demo:build: [0m  [90m7 |[0m /**
[33m@mastra-cc/desk-demo:build: [0m
[33m@mastra-cc/desk-demo:build: [0m
[33m@mastra-cc/desk-demo:build: [0m
[33m@mastra-cc/desk-demo:build: [0mImport trace:
[33m@mastra-cc/desk-demo:build: [0m  App Route:
[33m@mastra-cc/desk-demo:build: [0m    ./packages/desktop/dist/mastra.mjs
[33m@mastra-cc/desk-demo:build: [0m    ./apps/desk-demo/src/lib/agent.ts
[33m@mastra-cc/desk-demo:build: [0m    ./apps/desk-demo/src/app/api/chat/route.ts
[33m@mastra-cc/desk-demo:build: [0m
[33m@mastra-cc/desk-demo:build: [0mhttps://nextjs.org/docs/messages/module-not-found
[33m@mastra-cc/desk-demo:build: [0m
[33m@mastra-cc/desk-demo:build: [0m
[33m@mastra-cc/desk-demo:build: [0m./packages/transport/dist/index.mjs:4:1
[33m@mastra-cc/desk-demo:build: [0m[1m[31mError[39m: [1m[31mModule not found[39m[22m[1m: Can't resolve [32m'@mastra-cc/protocol-types'[39m[22m
[33m@mastra-cc/desk-demo:build: [0m  [90m2 |[0m [36mimport[0m { join } [36mfrom[0m [32m"node:path"[0m;
[33m@mastra-cc/desk-demo:build: [0m  [90m3 |[0m [36mimport[0m [33mWebSocket[0m [36mfrom[0m [32m"ws"[0m;
[33m@mastra-cc/desk-demo:build: [0m[31m[1m>[0m [90m4 |[0m [36mimport[0m { [33mSCHEMA_DIGEST[0m } [36mfrom[0m [32m"@mastra-cc/protocol-types"[0m;
[33m@mastra-cc/desk-demo:build: [0m  [90m  |[0m [31m[1m^^^^^^^^^^^^^^^^^^^^^^^^^^^^^^^^^^^^^^^^^^^^^^^^^^^^^^^^^^[0m
[33m@mastra-cc/desk-demo:build: [0m  [90m5 |[0m [90m//#region src/index.ts[0m
[33m@mastra-cc/desk-demo:build: [0m  [90m6 |[0m [36mfunction[0m defaultSocketPath() {
[33m@mastra-cc/desk-demo:build: [0m  [90m7 |[0m 	[36mconst[0m runtimeDir = process.env.[33mXDG_RUNTIME_DIR[0m ?? [32m"/tmp"[0m;
[33m@mastra-cc/desk-demo:build: [0m
[33m@mastra-cc/desk-demo:build: [0m
[33m@mastra-cc/desk-demo:build: [0m
[33m@mastra-cc/desk-demo:build: [0mImport trace:
[33m@mastra-cc/desk-demo:build: [0m  App Route:
[33m@mastra-cc/desk-demo:build: [0m    ./packages/transport/dist/index.mjs
[33m@mastra-cc/desk-demo:build: [0m    ./apps/desk-demo/src/lib/agent.ts
[33m@mastra-cc/desk-demo:build: [0m    ./apps/desk-demo/src/app/api/chat/route.ts
[33m@mastra-cc/desk-demo:build: [0m
[33m@mastra-cc/desk-demo:build: [0mhttps://nextjs.org/docs/messages/module-not-found
[33m@mastra-cc/desk-demo:build: [0m
[33m@mastra-cc/desk-demo:build: [0m
[33m@mastra-cc/desk-demo:build: [0m    at <unknown> (./packages/desktop/dist/mastra.mjs:4:1)
[33m@mastra-cc/desk-demo:build: [0m    at <unknown> (https://nextjs.org/docs/messages/module-not-found)
[33m@mastra-cc/desk-demo:build: [0m    at <unknown> (./packages/transport/dist/index.mjs:4:1)
[33m@mastra-cc/desk-demo:build: [0m    at <unknown> (https://nextjs.org/docs/messages/module-not-found)
[33m@mastra-cc/desk-demo:build: [0m[41m[30m ELIFECYCLE [39m[49m [31mCommand failed with exit code 1.[39m
[1m@mastra-cc/desk-demo#build: [0m[31m[1m ERROR [0m [31m[1mcommand (/tmp/field-label-base.m4O62Z/worktree/apps/desk-demo) /home/codingbutter/.nvm/versions/node/v25.2.1/bin/pnpm run build exited (1)[0m

[1m Tasks:    [32m[1m3 successful[0m, 4 total[0m
[1mCached:    [1m0 cached[0m, 4 total[0m
[1m  Time:    [1m6.837s[0m [0m
[1mFailed:    [31m[1m@mastra-cc/desk-demo#build[0m[0m

[31;40m ERROR [0m [31;49mrun failed: command  exited (1)[0m
