node:net:1918
      const error = new UVExceptionWithHostPort(rval, 'listen', address, port);
                    ^

Error: listen EINVAL: invalid argument /home/codingbutter/mastra-cc/docs/proofs/field-mapping-form-completion/deterministic.iaMI2I/candidate/daemon.sock
[90m    at Server.setupListenHandle [as _listen2] (node:net:1918:21)[39m
[90m    at listenInCluster (node:net:1997:12)[39m
[90m    at Server.listen (node:net:2119:5)[39m
    at [90mfile:///home/codingbutter/mastra-cc/[39mdaemon/dist/server-_G29Bat0.mjs:3048:10
    at new Promise (<anonymous>)
    at startServer [90m(file:///home/codingbutter/mastra-cc/[39mdaemon/dist/server-_G29Bat0.mjs:3046:9[90m)[39m
    at [90mfile:///home/codingbutter/mastra-cc/[39mdaemon/dist/main.mjs:490:16
[90m    at ModuleJob.run (node:internal/modules/esm/module_job:413:25)[39m
[90m    at async onImport.tracePromise.__proto__ (node:internal/modules/esm/loader:654:26)[39m
[90m    at async asyncRunEntryPointWithESMLoader (node:internal/modules/run_main:101:5)[39m {
  code: [32m'EINVAL'[39m,
  errno: [33m-22[39m,
  syscall: [32m'listen'[39m,
  address: [32m'/home/codingbutter/mastra-cc/docs/proofs/field-mapping-form-completion/deterministic.iaMI2I/candidate/daemon.sock'[39m,
  port: [33m-1[39m
}

Node.js v25.2.1
